// Jest Snapshot v1, https://goo.gl/fbAQLP

exports[`<Menu /> render without error 1`] = `
.c0 {
  width: 100%;
  list-style-type: none;
  margin: 0;
  padding: 0;
}

.c0 > :first-child > a {
  color: dimgrey;
  border-right: 2px solid grey;
  display: block;
  padding: 0 25px;
}

@media (max-width:600px) {
  .c0 > :first-child > a {
    padding: 0 10px;
  }
}

<ul
  className="c0"
/>
`;

exports[`<NavigationBar /> render without error 1`] = `
.c0 {
  top: 0;
  text-align: center;
  border-bottom: 1px solid grey;
}

<nav
  className="c0"
/>
`;
