// Jest Snapshot v1, https://goo.gl/fbAQLP

exports[`<NavigationBar /> render without error 1`] = `
.c0 {
  display: -webkit-box;
  display: -webkit-flex;
  display: -ms-flexbox;
  display: flex;
  -webkit-box-pack: justify;
  -webkit-justify-content: space-between;
  -ms-flex-pack: justify;
  justify-content: space-between;
  -webkit-align-items: center;
  -webkit-box-align: center;
  -ms-flex-align: center;
  align-items: center;
  position: absolute;
  height: 50px;
  bottom: 0;
  width: 100%;
  background-color: darkgrey;
}

.c0 span {
  color: dimgrey;
  font-weight: 500;
  margin: 0 50px;
}

@media (max-width:600px) {
  .c0 span {
    margin: 0 10px;
  }
}

<footer
  className="c0"
/>
`;
